// Jest Snapshot v1, https://goo.gl/fbAQLP

exports[`Accordion is working 1`] = `[Function]`;
