// Jest Snapshot v1, https://goo.gl/fbAQLP

exports[`Everthing is working 1`] = `[Function]`;
